// Jest Snapshot v1, https://goo.gl/fbAQLP

exports[`renders correctly 1`] = `
<RCTSafeAreaView
  emulateUnlessSupported={true}
  style={
    Object {
      "alignItems": "center",
      "flexDirection": "column",
      "height": "100%",
      "justifyContent": "center",
      "width": "100%",
    }
  }
>
  <Image
    source={1}
    style={
      Object {
        "height": 100,
        "resizeMode": "contain",
        "width": 100,
      }
    }
  />
  <View
    style={
      Object {
        "margin": 15,
      }
    }
  />
  <Text
    style={
      Object {
        "color": "#242424",
        "fontSize": 51.42857142857143,
        "paddingBottom": 20,
      }
    }
  >
    Great Job!
  </Text>
  <Text
    h5={true}
    style={
      Object {
        "color": "#242424",
      }
    }
  >
    you can always access your wallet information in the settings
  </Text>
  <View
    style={
      Object {
        "margin": 15,
      }
    }
  />
  <View
    style={
      Array [
        Object {
          "borderRadius": 3,
          "overflow": "hidden",
        },
        Object {
          "borderRadius": 3,
        },
        undefined,
        false,
      ]
    }
  >
    <View
      accessibilityRole="button"
      accessibilityState={
        Object {
          "busy": false,
          "disabled": false,
        }
      }
      accessible={true}
      focusable={true}
      onClick={[Function]}
      onResponderGrant={[Function]}
      onResponderMove={[Function]}
      onResponderRelease={[Function]}
      onResponderTerminate={[Function]}
      onResponderTerminationRequest={[Function]}
      onStartShouldSetResponder={[Function]}
      style={
        Object {
          "opacity": 1,
        }
      }
    >
      <View
        style={
          Object {
            "alignItems": "center",
            "backgroundColor": "#2089dc",
            "borderColor": "#2089dc",
            "borderRadius": 3,
            "borderWidth": 0,
            "flexDirection": "row",
            "justifyContent": "center",
            "padding": 8,
          }
        }
      >
        <Text
          style={
            Object {
              "color": "white",
              "fontSize": 18,
              "paddingVertical": 1,
              "textAlign": "center",
            }
          }
        >
          Proceed to UNOS
        </Text>
      </View>
    </View>
  </View>
</RCTSafeAreaView>
`;
